// Jest Snapshot v1, https://goo.gl/fbAQLP

exports[`Navbar renders correctly 1`] = `"<div class=\\"navbar\\"><div class=\\"navbar-logo\\"><img class=\\"navbar-logo__image\\" src=\\"Logo.svg\\" alt=\\"logo-image\\"></div><div class=\\"darkmode-switch\\"><input type=\\"checkbox\\" class=\\"darkmode-switch__input\\" id=\\"Switch\\" readonly=\\"\\" checked=\\"\\"><label class=\\"darkmode-switch__label\\" for=\\"Switch\\"><span class=\\"darkmode-switch__indicator\\"></span><span class=\\"darkmode-switch__decoration\\"></span></label></div><div class=\\"navbar-links\\"><a aria-current=\\"page\\" class=\\"navbar-item active\\" href=\\"/\\"><img src=\\"home.svg\\" alt=\\"home\\" class=\\"navbar-icon\\">Početna stranica</a><div><a class=\\"navbar-item\\" href=\\"/patient-details\\"><img src=\\"resume.svg\\" alt=\\"home\\" class=\\"navbar-icon\\">Detalji pacijenta</a><a class=\\"navbar-item\\" href=\\"/medication-suggestion\\"><img src=\\"medicine.svg\\" alt=\\"home\\" class=\\"navbar-icon\\">Prijedlog lijekova</a></div><a class=\\"navbar-item\\" href=\\"/patients-details-history\\"><img src=\\"resume.svg\\" alt=\\"home\\" class=\\"navbar-icon\\">Prošli pacijenti</a><button class=\\"navbar-item\\"><img src=\\"login-arrow-symbol-entering-back-into-a-square.svg\\" alt=\\"home\\" class=\\"navbar-icon\\">Odjava</button></div></div>"`;
