// Jest Snapshot v1, https://goo.gl/fbAQLP

exports[`Search renders correctly 1`] = `"<div class=\\"search\\"><form class=\\"search__form\\"><input type=\\"text\\" placeholder=\\"PretraÅ¾ivanje\\" class=\\"search-input\\" value=\\"\\"></form><small class=\\"search-by-text\\"></small></div>"`;
