// Jest Snapshot v1, https://goo.gl/fbAQLP

exports[`Users list renders correctly 1`] = `"<table style=\\"width: 100%;\\" class=\\"list-table\\"><thead class=\\"list-table__table-header\\"><tr class=\\"list-table__table-header__row\\"><th class=\\"list-table__table-header__row__header\\" id=\\"name\\">Ime i prezime<span></span></th><th class=\\"list-table__table-header__row__header\\" id=\\"email\\">Email<span></span></th><th class=\\"list-table__table-header__row__header\\" id=\\"role\\">Rola<span></span></th><th class=\\"list-table__table-header__row__header\\">Akcije<span></span></th></tr></thead><tbody class=\\"list-table__item-row\\"><tr class=\\"spacer  item-row\\"><td>Anno Anno</td><td>test@tt.com</td><td>user</td><td style=\\"width: 200px; min-width: 50px;\\"><button id=\\"link-to-medication-page\\">Odaberi</button></td></tr><tr class=\\"spacer  item-row\\"><td>Crona-Mante</td><td>a@tt.com</td><td>user</td><td style=\\"width: 200px; min-width: 50px;\\"><button id=\\"link-to-medication-page\\">Odaberi</button></td></tr></tbody></table>"`;
