// Jest Snapshot v1, https://goo.gl/fbAQLP

exports[`Users list page renders correctly 1`] = `"<div class=\\"users-list-page\\"><div style=\\"margin-top: 30px; margin-bottom: 0px;\\"><div class=\\"row-display\\"><div class=\\"dataDisplayHeader col label bolded\\" style=\\"font-weight: bold; color: rgb(0, 91, 167); transition: color 0.2s ease-in-out; width: 150px; min-width: 25%; margin-right: 16px; font-size: 23px; text-align: left;\\">Popis korisnika</div><div class=\\"col\\" style=\\"width: 100%; display: flex; justify-content: flex-end;\\"><div class=\\"search\\"><form class=\\"search__form\\"><input type=\\"text\\" placeholder=\\"Pretraživanje\\" class=\\"search-input\\" value=\\"\\"></form><small class=\\"search-by-text\\">*Pretraživanje po Imenu i Email-u</small></div></div></div></div><div style=\\"margin-top: 40px; margin-bottom: 0px;\\"><div class=\\"row-display\\"><div class=\\"dataDisplayHeader col label\\" hidden=\\"\\" style=\\"color: black; transition: color 0.2s ease-in-out; width: 150px; min-width: 25%; margin-right: 16px; font-size: 16px; text-align: left;\\"></div><div class=\\"col\\" style=\\"width: 100%;\\"><div class=\\"users-list-page__list__display-list\\"><table style=\\"width: 100%;\\" class=\\"list-table\\"><thead class=\\"list-table__table-header\\"><tr class=\\"list-table__table-header__row\\"><th class=\\"list-table__table-header__row__header\\" id=\\"name\\">Ime i prezime<span></span></th><th class=\\"list-table__table-header__row__header\\" id=\\"email\\">Email<span></span></th><th class=\\"list-table__table-header__row__header\\" id=\\"role\\">Rola<span></span></th><th class=\\"list-table__table-header__row__header\\">Akcije<span></span></th></tr></thead><tbody class=\\"list-table__item-row\\"><tr class=\\"spacer  item-row\\"><td>Anno Anno</td><td>test@tt.com</td><td>user</td><td style=\\"width: 200px; min-width: 50px;\\"><button id=\\"link-to-medication-page\\">Odaberi</button></td></tr><tr class=\\"spacer  item-row\\"><td>Crona-Mante</td><td>a@tt.com</td><td>user</td><td style=\\"width: 200px; min-width: 50px;\\"><button id=\\"link-to-medication-page\\">Odaberi</button></td></tr></tbody></table></div></div></div></div></div>"`;
