// Jest Snapshot v1, https://goo.gl/fbAQLP

exports[`App renders correctly 1`] = `"<div class=\\"navigation-setup\\"><div class=\\"Toastify\\"></div></div>"`;
